// Jest Snapshot v1, https://goo.gl/fbAQLP

exports[`Products and Services renders correctly 1`] = `
<body>
  <div>
    <div
      class="ProductsAndServices"
    >
      <h1>
        Products and Services
      </h1>
    </div>
  </div>
</body>
`;
